El shell Bash

MacProgramadores

2. Los alias
Un alias es un nombre más corto para un comando que usamos muy a
menudo.
Un ejemplo clásico de alias que se suele encontrar muchas veces en
/etc/profile es:
$ alias ll='ls -laF'
Ahora podemos usar el alias ll para hacer un listado detallado del directorio.
Los alias son recursivos con lo que por ejemplo podemos hacer:
$ alias l='ll'
Aunque los alias sólo pueden ser usados para representar comandos, si por
ejemplo intentamos representar un directorio largo con un alias, para luego
meternos en el con cd, el comando fallará:
$ alias ASCII='/usr/share/misc/ascii'
$ cat ASCII
cat: ASCII: No such file or directory
Existe un oscuro truco en Bash que permite hacer esto. Si la parte derecha de
la asignación del alias acaba con un espacio, entonces Bash intenta hacer
sustitución de alias en la siguiente palabra del comando. Por ejemplo si
hacemos:
$ alias cat='cat '
$ cat ASCII
Obtendremos la tabla ASCII en pantalla.
Si usamos el comando alias sin parámetros, obtenemos un listado de todos
los alias definidos. Si queremos conocer el valor de un determinado alias
podemos usar el comando alias seguido del nombre del alias sin símbolo =
ni valor.
$ alias ll
alias ll='ls -laF'
Por último, si queremos borrar la definición de un alias podemos usar el
comando unalias:
$ unalias ll
Pág 38

